%!Adobe-FontList 1.13
%Locale:0x409

%BeginFont
Handler:DirectoryHandler
FontType:Type1
FontName:MinionPro-Regular
FamilyName:Minion Pro
StyleName:Regular
MenuName:Minion Pro
StyleBits:0
WeightClass:400
WidthClass:5
AngleClass:0
FullName:Minion Pro
WritingScript:Roman
OutlineFileName:\MinionPro-Regular.otf
DataFormat:sfntData
UsesStandardEncoding:yes
isCFF:yes
FileLength:231312
FileModTime:1336143362
DesignSize:110
%EndFont

%BeginFont
Handler:DirectoryHandler
FontType:TrueType
FontName:PerpetuaTitlingMT-Light
FamilyName:Perpetua Titling MT
StyleName:Light
MenuName:Perpetua Titling MT
StyleBits:0
WeightClass:300
WidthClass:5
AngleClass:0
FullName:Perpetua Titling MT Light
WritingScript:Roman
OutlineFileName:\Perpetua Titling MT
DataFormat:sfntResource
ResourceID:4096
FileLength:99442
FileModTime:1272416017
%EndFont

%BeginFont
Handler:DirectoryHandler
FontType:TrueType
FontName:PerpetuaTitlingMT-Bold
FamilyName:Perpetua Titling MT
StyleName:Bold
MenuName:Perpetua Titling MT
StyleBits:2
WeightClass:700
WidthClass:5
AngleClass:0
FullName:Perpetua Titling MT Bold
WritingScript:Roman
OutlineFileName:\Perpetua Titling MT
DataFormat:sfntResource
ResourceID:4097
FileLength:99442
FileModTime:1272416017
%EndFont

%BeginFont
Handler:DirectoryHandler
FontType:Suitcase
FontName:PerpetuaTitlingMT-Light
OutlineFileName:\Perpetua Titling MT
ResourceID:2077
MacStyle:0
FileLength:99442
FileModTime:1272416017
%EndFont

%BeginFont
Handler:DirectoryHandler
FontType:Suitcase
FontName:PerpetuaTitlingMT-Bold
OutlineFileName:\Perpetua Titling MT
ResourceID:2077
MacStyle:1
FileLength:99442
FileModTime:1272416017
%EndFont

%BeginFont
Handler:DirectoryHandler
FontType:Suitcase
FontName:PerpetuaTitlingMT
OutlineFileName:\Perpetua Titling MT
ResourceID:2077
MacStyle:2
FileLength:99442
FileModTime:1272416017
%EndFont

